[
  {
    "acvVersion":"1.0"
  },
  {
    "items":[
      {
        "purchaseOptionUrl":"/acvp/v1/purchase/options/3",
        "quantity":1
      }
    ]
  }
]
