[
  {
    "acvVersion":"1.0"
  },
  {
    "isSample":false,
    "operation":"register",
    "certificateRequest":"no",
    "debugRequest":"yes",
    "production":"no",
    "encryptAtRest":"yes",
    "algorithms":[
      {
        "revision":"1.0",
        "algorithm":"ACVP-AES-ECB",
        "direction":[
          "encrypt",
          "decrypt"
        ],
        "keyLen":[
          128,
          192,
          256
        ]
      },
      {
        "revision":"1.0",
        "algorithm":"ACVP-AES-CBC",
        "direction":[
          "encrypt",
          "decrypt"
        ],
        "keyLen":[
          128,
          192,
          256
        ],
        "ivLen":[
          128
        ]
      },
      {
        "revision":"1.0",
        "algorithm":"ACVP-AES-CTR",
        "direction":[
          "encrypt",
          "decrypt"
        ],
        "keyLen":[
          128,
          192,
          256
        ],
        "payloadLen":[
          {
            "min":8,
            "max":128,
            "increment":8
          }
        ],
        "ivLen":[
          128
        ],
        "ctrSource":"external",
        "overflowCounter":false,
        "incrementalCounter":true
      },
      {
        "revision":"1.0",
        "algorithm":"ACVP-AES-KW",
        "direction":[
          "encrypt",
          "decrypt"
        ],
        "keyLen":[
          128,
          192,
          256
        ],
        "payloadLen":[
          {
            "min":128,
            "max":4096,
            "increment":128
          }
        ],
        "ivLen":[
          64
        ],
        "kwCipher":[
          "cipher"
        ]
      },
      {
        "revision":"1.0",
        "algorithm":"ACVP-AES-KWP",
        "direction":[
          "encrypt",
          "decrypt"
        ],
        "keyLen":[
          128,
          192,
          256
        ],
        "payloadLen":[
          {
            "min":8,
            "max":4096,
            "increment":8
          }
        ],
        "ivLen":[
          64
        ],
        "kwCipher":[
          "cipher"
        ]
      },
      {
        "revision":"1.0",
        "algorithm":"ACVP-AES-XTS",
        "direction":[
          "encrypt",
          "decrypt"
        ],
        "keyLen":[
          128,
          256
        ],
        "payloadLen":[
          {
            "min":128,
            "max":65536,
            "increment":128
          }
        ],
        "tweakFormat":[
          "128hex"
        ],
        "tweakMode":[
          "hex"
        ],
        "dataUnitLenMatchesPayload":false
      },
      {
        "revision":"1.0",
        "algorithm":"ACVP-AES-OFB",
        "direction":[
          "encrypt",
          "decrypt"
        ],
        "keyLen":[
          128,
          192,
          256
        ],
        "ivLen":[
          128
        ]
      },
      {
        "revision":"1.0",
        "algorithm":"ACVP-AES-CFB1",
        "direction":[
          "encrypt",
          "decrypt"
        ],
        "keyLen":[
          128,
          192,
          256
        ],
        "ivLen":[
          128
        ]
      },
      {
        "revision":"1.0",
        "algorithm":"ACVP-AES-CFB8",
        "direction":[
          "encrypt",
          "decrypt"
        ],
        "keyLen":[
          128,
          192,
          256
        ],
        "ivLen":[
          128
        ]
      },
      {
        "revision":"1.0",
        "algorithm":"ACVP-AES-CFB128",
        "direction":[
          "encrypt",
          "decrypt"
        ],
        "keyLen":[
          128,
          192,
          256
        ],
        "ivLen":[
          128
        ]
      }
    ]
  }
]
