[
  {
    "acvVersion":"1.0"
  },
  {
    "isSample":false,
    "operation":"register",
    "certificateRequest":"no",
    "debugRequest":"yes",
    "production":"no",
    "encryptAtRest":"yes",
    "algorithms":[
      {
        "revision":"1.0",
        "algorithm":"ACVP-AES-GCM",
        "prereqVals":[
          {
            "algorithm":"AES",
            "valValue":"same"
          },
          {
            "algorithm":"DRBG",
            "valValue":"same"
          }
        ],
        "direction":[
          "encrypt",
          "decrypt"
        ],
        "keyLen":[
          128,
          192,
          256
        ],
        "payloadLen":[
          128,
          256,
          120,
          248
        ],
        "ivLen":[
          96
        ],
        "ivGen":"external",
        "ivGenMode":"8.2.2",
        "aadLen":[
          128,
          256,
          120,
          0
        ],
        "tagLen":[
          32,
          64,
          96,
          104,
          112,
          120,
          128
        ]
      },
      {
        "revision":"1.0",
        "algorithm":"ACVP-AES-GMAC",
        "prereqVals":[
          {
            "algorithm":"AES",
            "valValue":"same"
          },
          {
            "algorithm":"DRBG",
            "valValue":"same"
          }
        ],
        "direction":[
          "encrypt",
          "decrypt"
        ],
        "keyLen":[
          128,
          192,
          256
        ],
        "ivLen":[
          96
        ],
        "ivGen":"external",
        "ivGenMode":"8.2.2",
        "aadLen":[
          128,
          256,
          120,
          0
        ],
        "tagLen":[
          32,
          64,
          96,
          104,
          112,
          120,
          128
        ]
      },
      {
        "revision":"1.0",
        "algorithm":"ACVP-AES-CCM",
        "prereqVals":[
          {
            "algorithm":"AES",
            "valValue":"same"
          }
        ],
        "direction":[
          "encrypt",
          "decrypt"
        ],
        "keyLen":[
          128,
          192,
          256
        ],
        "payloadLen":[
          0,
          256
        ],
        "ivLen":[
          56,
          64,
          72,
          80,
          88,
          96,
          104
        ],
        "aadLen":[
          0,
          256,
          65536
        ],
        "tagLen":[
          32,
          48,
          64,
          80,
          96,
          112,
          128
        ]
      },
      {
        "revision":"1.0",
        "algorithm":"ACVP-AES-CCM",
        "prereqVals":[
          {
            "algorithm":"AES",
            "valValue":"same"
          }
        ],
        "direction":[
          "encrypt",
          "decrypt"
        ],
        "keyLen":[
          256
        ],
        "payloadLen":[
          128,
          256,
          384,
          512
        ],
        "ivLen":[
          104
        ],
        "aadLen":[
          176,
          224,
          240
        ],
        "tagLen":[
          128
        ]
      }
    ]
  }
]
