[
  {
    "acvVersion":"1.0"
  },
  {
    "isSample":false,
    "operation":"register",
    "certificateRequest":"no",
    "debugRequest":"yes",
    "production":"no",
    "encryptAtRest":"yes",
    "algorithms":[
      {
        "revision":"1.0",
        "algorithm":"CMAC-AES",
        "prereqVals":[
          {
            "algorithm":"AES",
            "valValue":"same"
          }
        ],
        "capabilities":[
          {
            "direction":[
              "gen",
              "ver"
            ],
            "keyLen":[
              128,
              192,
              256
            ],
            "keyingOption":[
              1
            ],
            "msgLen":[
              {
                "min":8,
                "max":524288,
                "increment":8
              }
            ],
            "macLen":[
              128
            ]
          }
        ]
      },
      {
        "revision":"1.0",
        "algorithm":"CMAC-TDES",
        "prereqVals":[
          {
            "algorithm":"TDES",
            "valValue":"same"
          }
        ],
        "capabilities":[
          {
            "direction":[
              "gen",
              "ver"
            ],
            "keyLen":[
              168
            ],
            "keyingOption":[
              1
            ],
            "msgLen":[
              64,
              128,
              72,
              136,
              524288
            ],
            "macLen":[
              64
            ]
          }
        ]
      }
    ]
  }
]
