[
  {
    "acvVersion":"1.0"
  },
  {
    "isSample":false,
    "operation":"register",
    "certificateRequest":"no",
    "debugRequest":"yes",
    "production":"no",
    "encryptAtRest":"yes",
    "algorithms":[
      {
        "revision":"1.0",
        "algorithm":"ctrDRBG",
        "prereqVals":[
          {
            "algorithm":"AES",
            "valValue":"same"
          }
        ],
        "predResistanceEnabled":[
          false,
          true
        ],
        "reseedImplemented":false,
        "capabilities":[
          {
            "mode":"AES-128",
            "derFuncEnabled":true,
            "entropyInputLen":[
              128
            ],
            "nonceLen":[
              64
            ],
            "persoStringLen":[
              0
            ],
            "additionalInputLen":[
              0
            ],
            "returnedBitsLen":512
          },
          {
            "mode":"AES-128",
            "derFuncEnabled":false,
            "entropyInputLen":[
              256
            ],
            "nonceLen":[
              0
            ],
            "persoStringLen":[
              0
            ],
            "additionalInputLen":[
              0
            ],
            "returnedBitsLen":512
          },
          {
            "mode":"AES-192",
            "derFuncEnabled":true,
            "entropyInputLen":[
              192
            ],
            "nonceLen":[
              128
            ],
            "persoStringLen":[
              0
            ],
            "additionalInputLen":[
              0
            ],
            "returnedBitsLen":1024
          },
          {
            "mode":"AES-192",
            "derFuncEnabled":false,
            "entropyInputLen":[
              320
            ],
            "nonceLen":[
              0
            ],
            "persoStringLen":[
              0
            ],
            "additionalInputLen":[
              0
            ],
            "returnedBitsLen":1024
          },
          {
            "mode":"AES-256",
            "derFuncEnabled":true,
            "entropyInputLen":[
              256
            ],
            "nonceLen":[
              128
            ],
            "persoStringLen":[
              0
            ],
            "additionalInputLen":[
              0
            ],
            "returnedBitsLen":512
          },
          {
            "mode":"AES-256",
            "derFuncEnabled":false,
            "entropyInputLen":[
              384
            ],
            "nonceLen":[
              0
            ],
            "persoStringLen":[
              0
            ],
            "additionalInputLen":[
              0
            ],
            "returnedBitsLen":512
          }
        ]
      },
      {
        "revision":"1.0",
        "algorithm":"hashDRBG",
        "prereqVals":[
          {
            "algorithm":"SHA",
            "valValue":"same"
          }
        ],
        "predResistanceEnabled":[
          false,
          true
        ],
        "reseedImplemented":false,
        "capabilities":[
          {
            "mode":"SHA-1",
            "derFuncEnabled":false,
            "entropyInputLen":[
              160
            ],
            "nonceLen":[
              160
            ],
            "persoStringLen":[
              0
            ],
            "additionalInputLen":[
              0
            ],
            "returnedBitsLen":320
          },
          {
            "mode":"SHA2-224",
            "derFuncEnabled":false,
            "entropyInputLen":[
              256
            ],
            "nonceLen":[
              256
            ],
            "persoStringLen":[
              0
            ],
            "additionalInputLen":[
              0
            ],
            "returnedBitsLen":224
          },
          {
            "mode":"SHA2-256",
            "derFuncEnabled":false,
            "entropyInputLen":[
              256
            ],
            "nonceLen":[
              256
            ],
            "persoStringLen":[
              0
            ],
            "additionalInputLen":[
              0,
              256
            ],
            "returnedBitsLen":1024
          },
          {
            "mode":"SHA2-384",
            "derFuncEnabled":false,
            "entropyInputLen":[
              256
            ],
            "nonceLen":[
              256
            ],
            "persoStringLen":[
              0
            ],
            "additionalInputLen":[
              0
            ],
            "returnedBitsLen":384
          },
          {
            "mode":"SHA2-512",
            "derFuncEnabled":false,
            "entropyInputLen":[
              256
            ],
            "nonceLen":[
              256
            ],
            "persoStringLen":[
              0
            ],
            "additionalInputLen":[
              0
            ],
            "returnedBitsLen":2048
          }
        ]
      },
      {
        "revision":"1.0",
        "algorithm":"hmacDRBG",
        "prereqVals":[
          {
            "algorithm":"HMAC",
            "valValue":"same"
          }
        ],
        "predResistanceEnabled":[
          false,
          true
        ],
        "reseedImplemented":false,
        "capabilities":[
          {
            "mode":"SHA-1",
            "derFuncEnabled":false,
            "entropyInputLen":[
              160
            ],
            "nonceLen":[
              160
            ],
            "persoStringLen":[
              0
            ],
            "additionalInputLen":[
              0
            ],
            "returnedBitsLen":320
          },
          {
            "mode":"SHA2-224",
            "derFuncEnabled":false,
            "entropyInputLen":[
              256
            ],
            "nonceLen":[
              256
            ],
            "persoStringLen":[
              0
            ],
            "additionalInputLen":[
              0
            ],
            "returnedBitsLen":224
          },
          {
            "mode":"SHA2-256",
            "derFuncEnabled":false,
            "entropyInputLen":[
              256
            ],
            "nonceLen":[
              256
            ],
            "persoStringLen":[
              0
            ],
            "additionalInputLen":[
              0,
              256
            ],
            "returnedBitsLen":1024
          },
          {
            "mode":"SHA2-384",
            "derFuncEnabled":false,
            "entropyInputLen":[
              256
            ],
            "nonceLen":[
              256
            ],
            "persoStringLen":[
              0
            ],
            "additionalInputLen":[
              0
            ],
            "returnedBitsLen":384
          },
          {
            "mode":"SHA2-512",
            "derFuncEnabled":false,
            "entropyInputLen":[
              256
            ],
            "nonceLen":[
              256
            ],
            "persoStringLen":[
              0
            ],
            "additionalInputLen":[
              0
            ],
            "returnedBitsLen":2048
          }
        ]
      }
    ]
  }
]
