[
  {
    "acvVersion":"1.0"
  },
  {
    "isSample":false,
    "operation":"register",
    "certificateRequest":"no",
    "debugRequest":"yes",
    "production":"no",
    "encryptAtRest":"yes",
    "algorithms":[
      {
        "revision":"1.0",
        "algorithm":"DSA",
        "mode":"pqgGen",
        "prereqVals":[
          {
            "algorithm":"SHA",
            "valValue":"same"
          },
          {
            "algorithm":"DRBG",
            "valValue":"same"
          }
        ],
        "capabilities":[
          {
            "l":2048,
            "n":224,
            "pqGen":[
              "probable"
            ],
            "gGen":[
              "unverifiable"
            ],
            "hashAlg":[
              "SHA2-224"
            ]
          }
        ]
      },
      {
        "revision":"1.0",
        "algorithm":"DSA",
        "mode":"pqgGen",
        "prereqVals":[
          {
            "algorithm":"SHA",
            "valValue":"same"
          },
          {
            "algorithm":"DRBG",
            "valValue":"same"
          }
        ],
        "capabilities":[
          {
            "l":2048,
            "n":256,
            "pqGen":[
              "probable"
            ],
            "gGen":[
              "unverifiable"
            ],
            "hashAlg":[
              "SHA2-256"
            ]
          }
        ]
      },
      {
        "revision":"1.0",
        "algorithm":"DSA",
        "mode":"pqgGen",
        "prereqVals":[
          {
            "algorithm":"SHA",
            "valValue":"same"
          },
          {
            "algorithm":"DRBG",
            "valValue":"same"
          }
        ],
        "capabilities":[
          {
            "l":3072,
            "n":256,
            "pqGen":[
              "probable"
            ],
            "gGen":[
              "unverifiable"
            ],
            "hashAlg":[
              "SHA2-256"
            ]
          }
        ]
      },
      {
        "revision":"1.0",
        "algorithm":"DSA",
        "mode":"pqgVer",
        "prereqVals":[
          {
            "algorithm":"SHA",
            "valValue":"same"
          },
          {
            "algorithm":"DRBG",
            "valValue":"same"
          }
        ],
        "capabilities":[
          {
            "l":1024,
            "n":160,
            "pqGen":[
              "probable"
            ],
            "gGen":[
              "unverifiable"
            ],
            "hashAlg":[
              "SHA-1"
            ]
          }
        ]
      },
      {
        "revision":"1.0",
        "algorithm":"DSA",
        "mode":"pqgVer",
        "prereqVals":[
          {
            "algorithm":"SHA",
            "valValue":"same"
          },
          {
            "algorithm":"DRBG",
            "valValue":"same"
          }
        ],
        "capabilities":[
          {
            "l":2048,
            "n":224,
            "pqGen":[
              "probable"
            ],
            "gGen":[
              "unverifiable"
            ],
            "hashAlg":[
              "SHA2-224"
            ]
          }
        ]
      },
      {
        "revision":"1.0",
        "algorithm":"DSA",
        "mode":"pqgVer",
        "prereqVals":[
          {
            "algorithm":"SHA",
            "valValue":"same"
          },
          {
            "algorithm":"DRBG",
            "valValue":"same"
          }
        ],
        "capabilities":[
          {
            "l":2048,
            "n":256,
            "pqGen":[
              "probable"
            ],
            "gGen":[
              "unverifiable"
            ],
            "hashAlg":[
              "SHA2-256"
            ]
          }
        ]
      },
      {
        "revision":"1.0",
        "algorithm":"DSA",
        "mode":"pqgVer",
        "prereqVals":[
          {
            "algorithm":"SHA",
            "valValue":"same"
          },
          {
            "algorithm":"DRBG",
            "valValue":"same"
          }
        ],
        "capabilities":[
          {
            "l":3072,
            "n":256,
            "pqGen":[
              "probable"
            ],
            "gGen":[
              "unverifiable"
            ],
            "hashAlg":[
              "SHA2-256"
            ]
          }
        ]
      },
      {
        "revision":"1.0",
        "algorithm":"DSA",
        "mode":"keyGen",
        "prereqVals":[
          {
            "algorithm":"SHA",
            "valValue":"same"
          },
          {
            "algorithm":"DRBG",
            "valValue":"same"
          }
        ],
        "capabilities":[
          {
            "l":2048,
            "n":224
          }
        ]
      },
      {
        "revision":"1.0",
        "algorithm":"DSA",
        "mode":"keyGen",
        "prereqVals":[
          {
            "algorithm":"SHA",
            "valValue":"same"
          },
          {
            "algorithm":"DRBG",
            "valValue":"same"
          }
        ],
        "capabilities":[
          {
            "l":2048,
            "n":256
          }
        ]
      },
      {
        "revision":"1.0",
        "algorithm":"DSA",
        "mode":"keyGen",
        "prereqVals":[
          {
            "algorithm":"SHA",
            "valValue":"same"
          },
          {
            "algorithm":"DRBG",
            "valValue":"same"
          }
        ],
        "capabilities":[
          {
            "l":3072,
            "n":256
          }
        ]
      },
      {
        "revision":"1.0",
        "algorithm":"DSA",
        "mode":"sigGen",
        "prereqVals":[
          {
            "algorithm":"SHA",
            "valValue":"same"
          },
          {
            "algorithm":"DRBG",
            "valValue":"same"
          }
        ],
        "capabilities":[
          {
            "l":2048,
            "n":224,
            "hashAlg":[
              "SHA2-224",
              "SHA2-256",
              "SHA2-384",
              "SHA2-512"
            ]
          }
        ]
      },
      {
        "revision":"1.0",
        "algorithm":"DSA",
        "mode":"sigGen",
        "prereqVals":[
          {
            "algorithm":"SHA",
            "valValue":"same"
          },
          {
            "algorithm":"DRBG",
            "valValue":"same"
          }
        ],
        "capabilities":[
          {
            "l":2048,
            "n":256,
            "hashAlg":[
              "SHA2-256",
              "SHA2-384",
              "SHA2-512"
            ]
          }
        ]
      },
      {
        "revision":"1.0",
        "algorithm":"DSA",
        "mode":"sigGen",
        "prereqVals":[
          {
            "algorithm":"SHA",
            "valValue":"same"
          },
          {
            "algorithm":"DRBG",
            "valValue":"same"
          }
        ],
        "capabilities":[
          {
            "l":3072,
            "n":256,
            "hashAlg":[
              "SHA2-256",
              "SHA2-384",
              "SHA2-512"
            ]
          }
        ]
      },
      {
        "revision":"1.0",
        "algorithm":"DSA",
        "mode":"sigVer",
        "prereqVals":[
          {
            "algorithm":"SHA",
            "valValue":"same"
          },
          {
            "algorithm":"DRBG",
            "valValue":"same"
          }
        ],
        "capabilities":[
          {
            "l":1024,
            "n":160,
            "hashAlg":[
              "SHA-1",
              "SHA2-224",
              "SHA2-256",
              "SHA2-384",
              "SHA2-512"
            ]
          }
        ]
      },
      {
        "revision":"1.0",
        "algorithm":"DSA",
        "mode":"sigVer",
        "prereqVals":[
          {
            "algorithm":"SHA",
            "valValue":"same"
          },
          {
            "algorithm":"DRBG",
            "valValue":"same"
          }
        ],
        "capabilities":[
          {
            "l":2048,
            "n":224,
            "hashAlg":[
              "SHA-1",
              "SHA2-224",
              "SHA2-256",
              "SHA2-384",
              "SHA2-512"
            ]
          }
        ]
      },
      {
        "revision":"1.0",
        "algorithm":"DSA",
        "mode":"sigVer",
        "prereqVals":[
          {
            "algorithm":"SHA",
            "valValue":"same"
          },
          {
            "algorithm":"DRBG",
            "valValue":"same"
          }
        ],
        "capabilities":[
          {
            "l":2048,
            "n":256,
            "hashAlg":[
              "SHA-1",
              "SHA2-224",
              "SHA2-256",
              "SHA2-384",
              "SHA2-512"
            ]
          }
        ]
      },
      {
        "revision":"1.0",
        "algorithm":"DSA",
        "mode":"sigVer",
        "prereqVals":[
          {
            "algorithm":"SHA",
            "valValue":"same"
          },
          {
            "algorithm":"DRBG",
            "valValue":"same"
          }
        ],
        "capabilities":[
          {
            "l":3072,
            "n":256,
            "hashAlg":[
              "SHA-1",
              "SHA2-224",
              "SHA2-256",
              "SHA2-384",
              "SHA2-512"
            ]
          }
        ]
      }
    ]
  }
]
