[
  {
    "acvVersion":"1.0"
  },
  {
    "isSample":false,
    "operation":"register",
    "certificateRequest":"no",
    "debugRequest":"yes",
    "production":"no",
    "encryptAtRest":"yes",
    "algorithms":[
      {
        "algorithm":"ECDSA",
        "mode":"keyGen",
        "revision":"1.0",
        "curve":[
          "P-256",
          "P-384",
          "P-521"
        ],
        "secretGenerationMode":[
          "testing candidates"
        ],
        "prereqVals":[
          {
            "algorithm":"SHA",
            "valValue":"same"
          },
          {
            "algorithm":"DRBG",
            "valValue":"same"
          }
        ]
      },
      {
        "algorithm":"ECDSA",
        "mode":"keyVer",
        "revision":"1.0",
        "curve":[
          "P-256",
          "P-384",
          "P-521"
        ],
        "prereqVals":[
          {
            "algorithm":"SHA",
            "valValue":"same"
          },
          {
            "algorithm":"DRBG",
            "valValue":"same"
          }
        ]
      },
      {
        "algorithm":"ECDSA",
        "mode":"sigGen",
        "revision":"1.0",
        "componentTest":false,
        "capabilities":[
          {
            "curve":[
              "P-256",
              "P-384",
              "P-521"
            ],
            "hashAlg":[
              "SHA2-224",
              "SHA2-256",
              "SHA2-384",
              "SHA2-512"
            ]
          }
        ],
        "prereqVals":[
          {
            "algorithm":"SHA",
            "valValue":"same"
          },
          {
            "algorithm":"DRBG",
            "valValue":"same"
          }
        ]
      },
      {
        "algorithm":"ECDSA",
        "mode":"sigVer",
        "revision":"1.0",
        "componentTest":false,
        "capabilities":[
          {
            "curve":[
              "P-256",
              "P-384",
              "P-521"
            ],
            "hashAlg":[
              "SHA-1",
              "SHA2-224",
              "SHA2-256",
              "SHA2-384",
              "SHA2-512"
            ]
          }
        ],
        "prereqVals":[
          {
            "algorithm":"SHA",
            "valValue":"same"
          },
          {
            "algorithm":"DRBG",
            "valValue":"same"
          }
        ]
      }
    ]
  }
]
