[
  {
    "acvVersion":"1.0"
  },
  {
    "isSample":false,
    "operation":"register",
    "certificateRequest":"no",
    "debugRequest":"yes",
    "production":"no",
    "encryptAtRest":"yes",
    "algorithms":[
      {
        "algorithm":"EDDSA",
        "mode":"keyGen",
        "revision":"1.0",
        "curve":[
          "ED-25519"
        ],
        "secretGenerationMode":[
          "testing candidates"
        ],
        "prereqVals":[
          {
            "algorithm":"SHA",
            "valValue":"same"
          },
          {
            "algorithm":"DRBG",
            "valValue":"same"
          }
        ]
      },
      {
        "algorithm":"EDDSA",
        "mode":"keyVer",
        "revision":"1.0",
        "curve":[
          "ED-25519"
        ],
        "prereqVals":[
          {
            "algorithm":"SHA",
            "valValue":"same"
          },
          {
            "algorithm":"DRBG",
            "valValue":"same"
          }
        ]
      },
      {
        "algorithm":"EDDSA",
        "mode":"sigGen",
        "revision":"1.0",
        "curve":[
          "ED-25519"
        ],
        "pure":true,
        "preHash":true,
        "prereqVals":[
          {
            "algorithm":"SHA",
            "valValue":"same"
          },
          {
            "algorithm":"DRBG",
            "valValue":"same"
          }
        ]
      },
      {
        "algorithm":"EDDSA",
        "mode":"sigVer",
        "revision":"1.0",
        "curve":[
          "ED-25519"
        ],
        "pure":true,
        "preHash":true,
        "prereqVals":[
          {
            "algorithm":"SHA",
            "valValue":"same"
          },
          {
            "algorithm":"DRBG",
            "valValue":"same"
          }
        ]
      }
    ]
  }
]
