[
  {
    "acvVersion":"1.0"
  },
  {
    "isSample":false,
    "operation":"register",
    "certificateRequest":"no",
    "debugRequest":"yes",
    "production":"no",
    "encryptAtRest":"yes",
    "algorithms":[
      {
        "revision":"1.0",
        "algorithm":"KAS-FFC",
        "mode":"Component",
        "prereqVals":[
          {
            "algorithm":"SHA",
            "valValue":"same"
          },
          {
            "algorithm":"DRBG",
            "valValue":"same"
          }
        ],
        "function":[
          "fullVal"
        ],
        "scheme":{
          "dhEphem":{
            "kasRole":[
              "initiator",
              "responder"
            ],
            "noKdfNoKc":{
              "parameterSet":{
                "fb":{
                  "hashAlg":[
                    "SHA2-224"
                  ]
                }
              }
            }
          }
        }
      },
      {
        "revision":"1.0",
        "algorithm":"KAS-FFC",
        "mode":"Component",
        "prereqVals":[
          {
            "algorithm":"SHA",
            "valValue":"same"
          },
          {
            "algorithm":"DRBG",
            "valValue":"same"
          }
        ],
        "function":[
          "fullVal"
        ],
        "scheme":{
          "dhEphem":{
            "kasRole":[
              "initiator",
              "responder"
            ],
            "noKdfNoKc":{
              "parameterSet":{
                "fc":{
                  "hashAlg":[
                    "SHA2-256"
                  ]
                }
              }
            }
          }
        }
      }
    ]
  }
]
