[
  {
    "acvVersion":"1.0"
  },
  {
    "isSample":false,
    "operation":"register",
    "certificateRequest":"no",
    "debugRequest":"yes",
    "production":"no",
    "encryptAtRest":"yes",
    "algorithms":[
      {
        "prereqVals":[
          {
            "algorithm":"RSA",
            "valValue":"same"
          },
          {
            "algorithm":"HMAC",
            "valValue":"same"
          },
          {
            "algorithm":"DRBG",
            "valValue":"same"
          }
        ],
        "algorithm":"KAS-IFC",
        "revision":"Sp800-56Br2",
        "function":[
          "keyPairGen",
          "partialVal"
        ],
        "iutId":"0123456789abcdef",
        "scheme":{
          "KAS1-Party_V-confirmation":{
            "kasRole":[
              "initiator",
              "responder"
            ],
            "keyGenerationMethods":{
              "rsakpg1-basic":{
                "modulo":[
                  6144,
                  8192,
                  2048
                ],
                "fixedPubExp":"010001"
              },
              "rsakpg1-prime-factor":{
                "modulo":[
                  8192
                ],
                "fixedPubExp":"010001"
              },
              "rsakpg1-crt":{
                "modulo":[
                  4096
                ],
                "fixedPubExp":"010001"
              },
              "rsakpg2-basic":{
                "modulo":[
                  3072
                ]
              },
              "rsakpg2-prime-factor":{
                "modulo":[
                  2048
                ]
              },
              "rsakpg2-crt":{
                "modulo":[
                  2048
                ]
              }
            },
            "macMethods":{
              "HMAC-SHA2-256":{
                "keyLen":128,
                "macLen":128
              },
              "HMAC-SHA2-512":{
                "keyLen":128,
                "macLen":128
              }
            },
            "kdfMethods":{
              "oneStepKdf":{
                "auxFunctions":[
                  {
                    "auxFunctionName":"HMAC-SHA2-256",
                    "macSaltMethods":[
                      "default",
                      "random"
                    ]
                  },
                  {
                    "auxFunctionName":"SHA2-256",
                    "macSaltMethods":[
                      "random"
                    ]
                  }
                ],
                "fixedInfoPattern":"uPartyInfo||vPartyInfo||literal[affedeadbeef]",
                "encoding":[
                  "concatenation"
                ]
              },
              "twoStepKdf":{
                "capabilities":[
                  {
                    "macSaltMethods":[
                      "default",
                      "random"
                    ],
                    "fixedInfoPattern":"uPartyInfo||vPartyInfo||literal[0123456789abcdef]",
                    "encoding":[
                      "concatenation"
                    ],
                    "kdfMode":"counter",
                    "macMode":[
                      "HMAC-SHA-1",
                      "HMAC-SHA2-224",
                      "HMAC-SHA2-256",
                      "HMAC-SHA2-384",
                      "HMAC-SHA2-512"
                    ],
                    "supportedLengths":[
                      {
                        "min":8,
                        "max":4096,
                        "increment":8
                      }
                    ],
                    "fixedDataOrder":[
                      "before fixed data"
                    ],
                    "counterLength":[
                      32
                    ],
                    "supportsEmptyIv":false,
                    "requiresEmptyIv":false
                  },
                  {
                    "macSaltMethods":[
                      "default"
                    ],
                    "fixedInfoPattern":"literal[fedcba9876543210]||context||algorithmId",
                    "encoding":[
                      "concatenation"
                    ],
                    "kdfMode":"feedback",
                    "macMode":[
                      "HMAC-SHA-1",
                      "HMAC-SHA2-224",
                      "HMAC-SHA2-256",
                      "HMAC-SHA2-384",
                      "HMAC-SHA2-512"
                    ],
                    "supportedLengths":[
                      {
                        "min":8,
                        "max":4096,
                        "increment":8
                      }
                    ],
                    "fixedDataOrder":[
                      "before fixed data"
                    ],
                    "counterLength":[
                      32
                    ],
                    "supportsEmptyIv":false,
                    "requiresEmptyIv":false
                  }
                ]
              }
            },
            "l":1024
          }
        }
      },
      {
        "prereqVals":[
          {
            "algorithm":"RSA",
            "valValue":"same"
          },
          {
            "algorithm":"HMAC",
            "valValue":"same"
          },
          {
            "algorithm":"DRBG",
            "valValue":"same"
          }
        ],
        "algorithm":"KTS-IFC",
        "revision":"Sp800-56Br2",
        "function":[
          "keyPairGen",
          "partialVal"
        ],
        "iutId":"0123456789abcdef",
        "scheme":{
          "KTS-OAEP-basic":{
            "kasRole":[
              "initiator",
              "responder"
            ],
            "keyGenerationMethods":{
              "rsakpg1-basic":{
                "modulo":[
                  6144,
                  8192,
                  2048
                ],
                "fixedPubExp":"010001"
              },
              "rsakpg1-prime-factor":{
                "modulo":[
                  8192
                ],
                "fixedPubExp":"010001"
              },
              "rsakpg1-crt":{
                "modulo":[
                  4096
                ],
                "fixedPubExp":"010001"
              },
              "rsakpg2-basic":{
                "modulo":[
                  3072
                ]
              },
              "rsakpg2-prime-factor":{
                "modulo":[
                  2048
                ]
              },
              "rsakpg2-crt":{
                "modulo":[
                  2048
                ]
              }
            },
            "macMethods":{
              "HMAC-SHA2-256":{
                "keyLen":128,
                "macLen":128
              },
              "HMAC-SHA2-512":{
                "keyLen":128,
                "macLen":128
              }
            },
            "ktsMethod":{
              "hashAlgs":[
                "SHA2-256",
                "SHA3-384"
              ],
              "supportsNullAssociatedData":true,
              "fixedInfoPattern":"uPartyInfo||vPartyInfo||literal[affeaffeaffe]",
              "encoding":[
                "concatenation"
              ]
            },
            "l":1024
          }
        }
      }
    ]
  }
]
