[
  {
    "acvVersion":"1.0"
  },
  {
    "isSample":false,
    "operation":"register",
    "certificateRequest":"no",
    "debugRequest":"yes",
    "production":"no",
    "encryptAtRest":"yes",
    "algorithms":[
      {
        "prereqVals":[
          {
            "algorithm":"DRBG",
            "valValue":"same"
          }
        ],
        "revision":"Sp800-56Ar3",
        "algorithm":"KAS-FFC-SSC",
        "scheme":{
          "dhEphem":{
            "kasRole":[
              "initiator",
              "responder"
            ]
          }
        },
        "domainParameterGenerationMethods":[
          "MODP-2048",
          "MODP-3072",
          "MODP-4096",
          "MODP-6144",
          "MODP-8192"
        ]
      },
      {
        "prereqVals":[
          {
            "algorithm":"SHA",
            "valValue":"same"
          },
          {
            "algorithm":"DRBG",
            "valValue":"same"
          }
        ],
        "revision":"Sp800-56Ar3",
        "algorithm":"KAS-FFC-SSC",
        "scheme":{
          "dhEphem":{
            "kasRole":[
              "initiator",
              "responder"
            ]
          }
        },
        "domainParameterGenerationMethods":[
          "MODP-2048",
          "MODP-3072",
          "MODP-4096",
          "MODP-6144",
          "MODP-8192"
        ],
        "hashFunctionZ":"SHA2-512"
      }
    ]
  }
]
