[
  {
    "acvVersion":"1.0"
  },
  {
    "isSample":false,
    "operation":"register",
    "certificateRequest":"no",
    "debugRequest":"yes",
    "production":"no",
    "encryptAtRest":"yes",
    "algorithms":[
      {
        "revision":"1.0",
        "algorithm":"KAS-ECC",
        "mode":"Component",
        "prereqVals":[
          {
            "algorithm":"SHA",
            "valValue":"same"
          },
          {
            "algorithm":"DRBG",
            "valValue":"same"
          }
        ],
        "function":[
          "partialVal"
        ],
        "scheme":{
          "ephemeralUnified":{
            "kasRole":[
              "initiator",
              "responder"
            ],
            "noKdfNoKc":{
              "parameterSet":{
                "ec":{
                  "curve":"P-256",
                  "hashAlg":[
                    "SHA2-256"
                  ]
                }
              }
            }
          }
        }
      },
      {
        "revision":"1.0",
        "algorithm":"KAS-ECC",
        "mode":"Component",
        "prereqVals":[
          {
            "algorithm":"SHA",
            "valValue":"same"
          },
          {
            "algorithm":"DRBG",
            "valValue":"same"
          }
        ],
        "function":[
          "partialVal"
        ],
        "scheme":{
          "ephemeralUnified":{
            "kasRole":[
              "initiator",
              "responder"
            ],
            "noKdfNoKc":{
              "parameterSet":{
                "ed":{
                  "curve":"P-384",
                  "hashAlg":[
                    "SHA2-384"
                  ]
                }
              }
            }
          }
        }
      },
      {
        "revision":"1.0",
        "algorithm":"KAS-ECC",
        "mode":"Component",
        "prereqVals":[
          {
            "algorithm":"SHA",
            "valValue":"same"
          },
          {
            "algorithm":"DRBG",
            "valValue":"same"
          }
        ],
        "function":[
          "partialVal"
        ],
        "scheme":{
          "ephemeralUnified":{
            "kasRole":[
              "initiator",
              "responder"
            ],
            "noKdfNoKc":{
              "parameterSet":{
                "ee":{
                  "curve":"P-521",
                  "hashAlg":[
                    "SHA2-512"
                  ]
                }
              }
            }
          }
        }
      }
    ]
  }
]
