[
  {
    "acvVersion":"1.0"
  },
  {
    "isSample":false,
    "operation":"register",
    "certificateRequest":"no",
    "debugRequest":"yes",
    "production":"no",
    "encryptAtRest":"yes",
    "algorithms":[
      {
        "prereqVals":[
          {
            "algorithm":"DRBG",
            "valValue":"same"
          }
        ],
        "revision":"Sp800-56Ar3",
        "algorithm":"KAS-ECC-SSC",
        "scheme":{
          "ephemeralUnified":{
            "kasRole":[
              "initiator",
              "responder"
            ]
          }
        },
        "domainParameterGenerationMethods":[
          "P-256",
          "P-384",
          "P-521"
        ]
      },
      {
        "prereqVals":[
          {
            "algorithm":"SHA",
            "valValue":"same"
          },
          {
            "algorithm":"DRBG",
            "valValue":"same"
          }
        ],
        "revision":"Sp800-56Ar3",
        "algorithm":"KAS-ECC-SSC",
        "scheme":{
          "ephemeralUnified":{
            "kasRole":[
              "initiator",
              "responder"
            ]
          }
        },
        "domainParameterGenerationMethods":[
          "P-256",
          "P-384",
          "P-521"
        ],
        "hashFunctionZ":"SHA3-512"
      }
    ]
  }
]
