[
  {
    "acvVersion":"1.0"
  },
  {
    "isSample":false,
    "operation":"register",
    "certificateRequest":"no",
    "debugRequest":"yes",
    "production":"no",
    "encryptAtRest":"yes",
    "algorithms":[
      {
        "revision":"1.0",
        "algorithm":"kdf-components",
        "mode":"tls",
        "prereqVals":[
          {
            "algorithm":"HMAC",
            "valValue":"same"
          },
          {
            "algorithm":"SHA",
            "valValue":"same"
          }
        ],
        "tlsVersion":[
          "v1.0/1.1",
          "v1.2"
        ],
        "hashAlg":[
          "SHA2-256",
          "SHA2-384"
        ]
      },
      {
        "revision":"1.0",
        "algorithm":"KDF",
        "prereqVals":[
          {
            "algorithm":"HMAC",
            "valValue":"same"
          }
        ],
        "capabilities":[
          {
            "kdfMode":"counter",
            "macMode":[
              "HMAC-SHA-1",
              "HMAC-SHA2-224",
              "HMAC-SHA2-256",
              "HMAC-SHA2-384",
              "HMAC-SHA2-512"
            ],
            "supportedLengths":[
              8,
              72,
              128,
              776,
              3456,
              4096
            ],
            "fixedDataOrder":[
              "before fixed data"
            ],
            "counterLength":[
              32
            ],
            "supportsEmptyIv":false
          }
        ]
      },
      {
        "revision":"1.0",
        "algorithm":"KDF",
        "prereqVals":[
          {
            "algorithm":"HMAC",
            "valValue":"same"
          }
        ],
        "capabilities":[
          {
            "kdfMode":"feedback",
            "macMode":[
              "HMAC-SHA-1",
              "HMAC-SHA2-224",
              "HMAC-SHA2-256",
              "HMAC-SHA2-384",
              "HMAC-SHA2-512"
            ],
            "supportedLengths":[
              8,
              72,
              128,
              776,
              3456,
              4096
            ],
            "fixedDataOrder":[
              "before fixed data"
            ],
            "counterLength":[
              32
            ],
            "supportsEmptyIv":false
          }
        ]
      },
      {
        "revision":"1.0",
        "algorithm":"KDF",
        "prereqVals":[
          {
            "algorithm":"HMAC",
            "valValue":"same"
          }
        ],
        "capabilities":[
          {
            "kdfMode":"double pipeline iteration",
            "macMode":[
              "HMAC-SHA-1",
              "HMAC-SHA2-224",
              "HMAC-SHA2-256",
              "HMAC-SHA2-384",
              "HMAC-SHA2-512"
            ],
            "supportedLengths":[
              8,
              72,
              128,
              776,
              3456,
              4096
            ],
            "fixedDataOrder":[
              "before fixed data"
            ],
            "counterLength":[
              32
            ],
            "supportsEmptyIv":false
          }
        ]
      },
      {
        "revision":"1.0",
        "algorithm":"KDF",
        "prereqVals":[
          {
            "algorithm":"CMAC",
            "valValue":"same"
          }
        ],
        "capabilities":[
          {
            "kdfMode":"counter",
            "macMode":[
              "CMAC-TDES"
            ],
            "supportedLengths":[
              8,
              72,
              128,
              776,
              3456,
              4096
            ],
            "fixedDataOrder":[
              "before fixed data"
            ],
            "counterLength":[
              32
            ],
            "supportsEmptyIv":false
          }
        ]
      },
      {
        "revision":"1.0",
        "algorithm":"KDF",
        "prereqVals":[
          {
            "algorithm":"CMAC",
            "valValue":"same"
          }
        ],
        "capabilities":[
          {
            "kdfMode":"feedback",
            "macMode":[
              "CMAC-TDES"
            ],
            "supportedLengths":[
              8,
              72,
              128,
              776,
              3456,
              4096
            ],
            "fixedDataOrder":[
              "before fixed data"
            ],
            "counterLength":[
              32
            ],
            "supportsEmptyIv":false
          }
        ]
      },
      {
        "revision":"1.0",
        "algorithm":"KDF",
        "prereqVals":[
          {
            "algorithm":"CMAC",
            "valValue":"same"
          }
        ],
        "capabilities":[
          {
            "kdfMode":"double pipeline iteration",
            "macMode":[
              "CMAC-TDES"
            ],
            "supportedLengths":[
              8,
              72,
              128,
              776,
              3456,
              4096
            ],
            "fixedDataOrder":[
              "before fixed data"
            ],
            "counterLength":[
              32
            ],
            "supportsEmptyIv":false
          }
        ]
      },
      {
        "revision":"1.0",
        "algorithm":"KDF",
        "prereqVals":[
          {
            "algorithm":"CMAC",
            "valValue":"same"
          }
        ],
        "capabilities":[
          {
            "kdfMode":"counter",
            "macMode":[
              "CMAC-AES128",
              "CMAC-AES192",
              "CMAC-AES256"
            ],
            "supportedLengths":[
              8,
              72,
              128,
              776,
              3456,
              4096
            ],
            "fixedDataOrder":[
              "before fixed data"
            ],
            "counterLength":[
              32
            ],
            "supportsEmptyIv":false
          }
        ]
      },
      {
        "revision":"1.0",
        "algorithm":"KDF",
        "prereqVals":[
          {
            "algorithm":"CMAC",
            "valValue":"same"
          }
        ],
        "capabilities":[
          {
            "kdfMode":"feedback",
            "macMode":[
              "CMAC-AES128",
              "CMAC-AES192",
              "CMAC-AES256"
            ],
            "supportedLengths":[
              8,
              72,
              128,
              776,
              3456,
              4096
            ],
            "fixedDataOrder":[
              "before fixed data"
            ],
            "counterLength":[
              32
            ],
            "supportsEmptyIv":false
          }
        ]
      },
      {
        "revision":"1.0",
        "algorithm":"KDF",
        "prereqVals":[
          {
            "algorithm":"CMAC",
            "valValue":"same"
          }
        ],
        "capabilities":[
          {
            "kdfMode":"double pipeline iteration",
            "macMode":[
              "CMAC-AES128",
              "CMAC-AES192",
              "CMAC-AES256"
            ],
            "supportedLengths":[
              8,
              72,
              128,
              776,
              3456,
              4096
            ],
            "fixedDataOrder":[
              "before fixed data"
            ],
            "counterLength":[
              32
            ],
            "supportsEmptyIv":false
          }
        ]
      },
      {
        "revision":"1.0",
        "algorithm":"kdf-components",
        "mode":"ikev1",
        "prereqVals":[
          {
            "algorithm":"HMAC",
            "valValue":"same"
          },
          {
            "algorithm":"SHA",
            "valValue":"same"
          }
        ],
        "capabilities":[
          {
            "authenticationMethod":"psk",
            "initiatorNonceLength":[
              128,
              256,
              512,
              2048
            ],
            "responderNonceLength":[
              128,
              256,
              512,
              2048
            ],
            "diffieHellmanSharedSecretLength":[
              224,
              2048,
              8192
            ],
            "preSharedKeyLength":[
              8,
              384,
              768,
              8192
            ],
            "hashAlg":[
              "SHA-1"
            ]
          }
        ]
      },
      {
        "revision":"1.0",
        "algorithm":"kdf-components",
        "mode":"ikev1",
        "prereqVals":[
          {
            "algorithm":"HMAC",
            "valValue":"same"
          },
          {
            "algorithm":"SHA",
            "valValue":"same"
          }
        ],
        "capabilities":[
          {
            "authenticationMethod":"psk",
            "initiatorNonceLength":[
              128,
              256,
              512,
              2048
            ],
            "responderNonceLength":[
              128,
              256,
              512,
              2048
            ],
            "diffieHellmanSharedSecretLength":[
              224,
              2048,
              8192
            ],
            "preSharedKeyLength":[
              8,
              384,
              768,
              8192
            ],
            "hashAlg":[
              "SHA2-256"
            ]
          }
        ]
      },
      {
        "revision":"1.0",
        "algorithm":"kdf-components",
        "mode":"ikev1",
        "prereqVals":[
          {
            "algorithm":"HMAC",
            "valValue":"same"
          },
          {
            "algorithm":"SHA",
            "valValue":"same"
          }
        ],
        "capabilities":[
          {
            "authenticationMethod":"psk",
            "initiatorNonceLength":[
              128,
              256,
              512,
              2048
            ],
            "responderNonceLength":[
              128,
              256,
              512,
              2048
            ],
            "diffieHellmanSharedSecretLength":[
              224,
              2048,
              8192
            ],
            "preSharedKeyLength":[
              8,
              384,
              768,
              8192
            ],
            "hashAlg":[
              "SHA2-384"
            ]
          }
        ]
      },
      {
        "revision":"1.0",
        "algorithm":"kdf-components",
        "mode":"ikev1",
        "prereqVals":[
          {
            "algorithm":"HMAC",
            "valValue":"same"
          },
          {
            "algorithm":"SHA",
            "valValue":"same"
          }
        ],
        "capabilities":[
          {
            "authenticationMethod":"psk",
            "initiatorNonceLength":[
              128,
              256,
              512,
              2048
            ],
            "responderNonceLength":[
              128,
              256,
              512,
              2048
            ],
            "diffieHellmanSharedSecretLength":[
              224,
              2048,
              8192
            ],
            "preSharedKeyLength":[
              8,
              384,
              768,
              8192
            ],
            "hashAlg":[
              "SHA2-512"
            ]
          }
        ]
      },
      {
        "revision":"1.0",
        "algorithm":"kdf-components",
        "mode":"ikev2",
        "prereqVals":[
          {
            "algorithm":"HMAC",
            "valValue":"same"
          },
          {
            "algorithm":"SHA",
            "valValue":"same"
          }
        ],
        "capabilities":[
          {
            "initiatorNonceLength":[
              128,
              256,
              512,
              2048
            ],
            "responderNonceLength":[
              128,
              256,
              512,
              2048
            ],
            "diffieHellmanSharedSecretLength":[
              224,
              2048,
              8192
            ],
            "derivedKeyingMaterialLength":[
              1056,
              3072
            ],
            "hashAlg":[
              "SHA-1"
            ]
          }
        ]
      },
      {
        "revision":"1.0",
        "algorithm":"kdf-components",
        "mode":"ikev2",
        "prereqVals":[
          {
            "algorithm":"HMAC",
            "valValue":"same"
          },
          {
            "algorithm":"SHA",
            "valValue":"same"
          }
        ],
        "capabilities":[
          {
            "initiatorNonceLength":[
              128,
              256,
              512,
              2048
            ],
            "responderNonceLength":[
              128,
              256,
              512,
              2048
            ],
            "diffieHellmanSharedSecretLength":[
              224,
              2048,
              8192
            ],
            "derivedKeyingMaterialLength":[
              1056,
              3072
            ],
            "hashAlg":[
              "SHA2-256"
            ]
          }
        ]
      },
      {
        "revision":"1.0",
        "algorithm":"kdf-components",
        "mode":"ikev2",
        "prereqVals":[
          {
            "algorithm":"HMAC",
            "valValue":"same"
          },
          {
            "algorithm":"SHA",
            "valValue":"same"
          }
        ],
        "capabilities":[
          {
            "initiatorNonceLength":[
              128,
              256,
              512,
              2048
            ],
            "responderNonceLength":[
              128,
              256,
              512,
              2048
            ],
            "diffieHellmanSharedSecretLength":[
              224,
              2048,
              8192
            ],
            "derivedKeyingMaterialLength":[
              1056,
              3072
            ],
            "hashAlg":[
              "SHA2-384"
            ]
          }
        ]
      },
      {
        "revision":"1.0",
        "algorithm":"kdf-components",
        "mode":"ikev2",
        "prereqVals":[
          {
            "algorithm":"HMAC",
            "valValue":"same"
          },
          {
            "algorithm":"SHA",
            "valValue":"same"
          }
        ],
        "capabilities":[
          {
            "initiatorNonceLength":[
              128,
              256,
              512,
              2048
            ],
            "responderNonceLength":[
              128,
              256,
              512,
              2048
            ],
            "diffieHellmanSharedSecretLength":[
              224,
              2048,
              8192
            ],
            "derivedKeyingMaterialLength":[
              1056,
              3072
            ],
            "hashAlg":[
              "SHA2-512"
            ]
          }
        ]
      },
      {
        "revision":"1.0",
        "algorithm":"kdf-components",
        "mode":"ssh",
        "prereqVals":[
          {
            "algorithm":"AES",
            "valValue":"same"
          },
          {
            "algorithm":"SHA",
            "valValue":"same"
          }
        ],
        "cipher":[
          "AES-128",
          "AES-192",
          "AES-256"
        ],
        "hashAlg":[
          "SHA-1",
          "SHA2-256",
          "SHA2-384",
          "SHA2-512"
        ]
      },
      {
        "revision":"1.0",
        "algorithm":"kdf-components",
        "mode":"ssh",
        "prereqVals":[
          {
            "algorithm":"TDES",
            "valValue":"same"
          },
          {
            "algorithm":"SHA",
            "valValue":"same"
          }
        ],
        "cipher":[
          "TDES"
        ],
        "hashAlg":[
          "SHA-1",
          "SHA2-256",
          "SHA2-384",
          "SHA2-512"
        ]
      },
      {
        "revision":"1.0",
        "algorithm":"kdf-components",
        "mode":"pbkdf",
        "prereqVals":[
          {
            "algorithm":"SHA",
            "valValue":"same"
          }
        ],
        "capabilities":[
          {
            "iterationCount":[
              {
                "min":10,
                "max":1000,
                "increment":1
              }
            ],
            "keyLen":[
              {
                "min":128,
                "max":4096,
                "increment":8
              }
            ],
            "passwordLen":[
              {
                "min":8,
                "max":128,
                "increment":1
              }
            ],
            "saltLen":[
              {
                "min":128,
                "max":4096,
                "increment":8
              }
            ],
            "hmacAlg":[
              "SHA-1",
              "SHA2-224",
              "SHA2-256",
              "SHA2-384",
              "SHA2-512",
              "SHA3-224",
              "SHA3-256",
              "SHA3-384",
              "SHA3-512"
            ]
          }
        ]
      }
    ]
  }
]
