[
  {
    "acvVersion":"1.0"
  },
  {
    "isSample":false,
    "operation":"register",
    "certificateRequest":"no",
    "debugRequest":"yes",
    "production":"no",
    "encryptAtRest":"yes",
    "algorithms":[
      {
        "prereqVals":[
          {
            "algorithm":"SHA",
            "valValue":"same"
          },
          {
            "algorithm":"HMAC",
            "valValue":"same"
          },
          {
            "algorithm":"DRBG",
            "valValue":"same"
          }
        ],
        "algorithm":"KDA",
        "mode":"OneStep",
        "revision":"Sp800-56Cr1",
        "l":1024,
        "z":[
          {
            "min":256,
            "max":512,
            "increment":128
          }
        ],
        "auxFunctions":[
          {
            "auxFunctionName":"HMAC-SHA2-256",
            "macSaltMethods":[
              "default",
              "random"
            ]
          },
          {
            "auxFunctionName":"SHA2-256",
            "macSaltMethods":[
              "random"
            ]
          }
        ],
        "fixedInfoPattern":"uPartyInfo||vPartyInfo||literal[affedeadbeef]",
        "encoding":[
          "concatenation"
        ]
      }
    ]
  }
]
