[
  {
    "acvVersion":"1.0"
  },
  {
    "isSample":false,
    "operation":"register",
    "certificateRequest":"no",
    "debugRequest":"yes",
    "production":"no",
    "encryptAtRest":"yes",
    "algorithms":[
      {
        "revision":"FIPS186-4",
        "algorithm":"RSA",
        "mode":"keyGen",
        "infoGeneratedByServer":false,
        "pubExpMode":"random",
        "keyFormat":"standard",
        "capabilities":[
          {
            "randPQ":"B.3.3",
            "properties":[
              {
                "modulo":2048,
                "primeTest":[
                  "tblC2"
                ]
              },
              {
                "modulo":3072,
                "primeTest":[
                  "tblC2"
                ]
              }
            ]
          }
        ],
        "prereqVals":[
          {
            "algorithm":"SHA",
            "valValue":"same"
          },
          {
            "algorithm":"DRBG",
            "valValue":"same"
          }
        ]
      },
      {
        "revision":"FIPS186-4",
        "algorithm":"RSA",
        "mode":"sigGen",
        "capabilities":[
          {
            "sigType":"pkcs1v1.5",
            "properties":[
              {
                "modulo":2048,
                "hashPair":[
                  {
                    "hashAlg":"SHA-1"
                  },
                  {
                    "hashAlg":"SHA2-224"
                  },
                  {
                    "hashAlg":"SHA2-256"
                  },
                  {
                    "hashAlg":"SHA2-384"
                  },
                  {
                    "hashAlg":"SHA2-512"
                  }
                ]
              },
              {
                "modulo":3072,
                "hashPair":[
                  {
                    "hashAlg":"SHA-1"
                  },
                  {
                    "hashAlg":"SHA2-224"
                  },
                  {
                    "hashAlg":"SHA2-256"
                  },
                  {
                    "hashAlg":"SHA2-384"
                  },
                  {
                    "hashAlg":"SHA2-512"
                  }
                ]
              }
            ]
          }
        ],
        "prereqVals":[
          {
            "algorithm":"SHA",
            "valValue":"same"
          },
          {
            "algorithm":"DRBG",
            "valValue":"same"
          }
        ]
      },
      {
        "revision":"FIPS186-4",
        "algorithm":"RSA",
        "mode":"sigVer",
        "pubExpMode":"random",
        "capabilities":[
          {
            "sigType":"pkcs1v1.5",
            "properties":[
              {
                "modulo":2048,
                "hashPair":[
                  {
                    "hashAlg":"SHA-1"
                  },
                  {
                    "hashAlg":"SHA2-224"
                  },
                  {
                    "hashAlg":"SHA2-256"
                  },
                  {
                    "hashAlg":"SHA2-384"
                  },
                  {
                    "hashAlg":"SHA2-512"
                  }
                ]
              },
              {
                "modulo":3072,
                "hashPair":[
                  {
                    "hashAlg":"SHA-1"
                  },
                  {
                    "hashAlg":"SHA2-224"
                  },
                  {
                    "hashAlg":"SHA2-256"
                  },
                  {
                    "hashAlg":"SHA2-384"
                  },
                  {
                    "hashAlg":"SHA2-512"
                  }
                ]
              }
            ]
          }
        ],
        "prereqVals":[
          {
            "algorithm":"SHA",
            "valValue":"same"
          },
          {
            "algorithm":"DRBG",
            "valValue":"same"
          }
        ]
      }
    ]
  }
]
