[
  {
    "acvVersion":"1.0"
  },
  {
    "isSample":false,
    "operation":"register",
    "certificateRequest":"no",
    "debugRequest":"yes",
    "production":"no",
    "encryptAtRest":"yes",
    "algorithms":[
      {
        "revision":"1.0",
        "algorithm":"safePrimes",
        "mode":"keyGen",
        "prereqVals":[
          {
            "algorithm":"DRBG",
            "valValue":"same"
          }
        ],
        "safePrimeGroups":[
          "MODP-2048",
          "MODP-3072",
          "MODP-4096",
          "MODP-6144",
          "MODP-8192"
        ]
      },
      {
        "revision":"1.0",
        "algorithm":"safePrimes",
        "mode":"keyVer",
        "prereqVals":[
          {
            "algorithm":"DRBG",
            "valValue":"same"
          }
        ],
        "safePrimeGroups":[
          "MODP-2048",
          "MODP-3072",
          "MODP-4096",
          "MODP-6144",
          "MODP-8192"
        ]
      }
    ]
  }
]
