[
  {
    "acvVersion":"1.0"
  },
  {
    "isSample":false,
    "operation":"register",
    "certificateRequest":"no",
    "debugRequest":"yes",
    "production":"no",
    "encryptAtRest":"yes",
    "algorithms":[
      {
        "revision":"1.0",
        "algorithm":"ACVP-TDES-ECB",
        "direction":[
          "encrypt",
          "decrypt"
        ],
        "keyLen":[
          168
        ],
        "payloadLen":[
          64,
          128,
          256,
          512
        ],
        "keyingOption":[
          1
        ]
      },
      {
        "revision":"1.0",
        "algorithm":"ACVP-TDES-CBC",
        "direction":[
          "encrypt",
          "decrypt"
        ],
        "keyLen":[
          168
        ],
        "payloadLen":[
          64,
          128,
          256,
          512
        ],
        "ivLen":[
          64
        ],
        "keyingOption":[
          1
        ]
      },
      {
        "revision":"1.0",
        "algorithm":"ACVP-TDES-CTR",
        "direction":[
          "encrypt",
          "decrypt"
        ],
        "keyLen":[
          168
        ],
        "payloadLen":[
          64
        ],
        "ivLen":[
          64
        ],
        "keyingOption":[
          1
        ],
        "ctrSource":"external",
        "overflowCounter":false,
        "incrementalCounter":true
      },
      {
        "revision":"1.0",
        "algorithm":"ACVP-TDES-OFB",
        "direction":[
          "encrypt",
          "decrypt"
        ],
        "keyLen":[
          168
        ],
        "payloadLen":[
          64,
          128,
          256,
          512
        ],
        "ivLen":[
          64
        ],
        "keyingOption":[
          1
        ]
      },
      {
        "revision":"1.0",
        "algorithm":"ACVP-TDES-CFB1",
        "direction":[
          "encrypt",
          "decrypt"
        ],
        "keyLen":[
          168
        ],
        "payloadLen":[
          64,
          128,
          256,
          512
        ],
        "ivLen":[
          64
        ],
        "keyingOption":[
          1
        ]
      },
      {
        "revision":"1.0",
        "algorithm":"ACVP-TDES-CFB8",
        "direction":[
          "encrypt",
          "decrypt"
        ],
        "keyLen":[
          168
        ],
        "payloadLen":[
          64,
          128,
          256,
          512
        ],
        "ivLen":[
          64
        ],
        "keyingOption":[
          1
        ]
      },
      {
        "revision":"1.0",
        "algorithm":"ACVP-TDES-CFB64",
        "direction":[
          "encrypt",
          "decrypt"
        ],
        "keyLen":[
          168
        ],
        "payloadLen":[
          64,
          128,
          256,
          512
        ],
        "ivLen":[
          64
        ],
        "keyingOption":[
          1
        ]
      }
    ]
  }
]
