[
  {
    "acvVersion":"1.0"
  },
  {
    "isSample":false,
    "operation":"register",
    "certificateRequest":"no",
    "debugRequest":"yes",
    "production":"no",
    "encryptAtRest":"yes",
    "algorithms":[
      {
        "revision":"RFC8446",
        "algorithm":"TLS-v1.3",
        "mode":"KDF",
        "prereqVals":[
          {
            "algorithm":"HMAC",
            "valValue":"same"
          },
          {
            "algorithm":"SHA",
            "valValue":"same"
          }
        ],
        "hmacAlg":[
          "SHA2-256",
          "SHA2-384",
          "SHA2-512"
        ],
        "runningMode":[
          "DHE"
        ]
      }
    ]
  }
]
