[
  {
    "acvVersion":"1.0"
  },
  {
    "isSample":false,
    "operation":"register",
    "certificateRequest":"no",
    "debugRequest":"yes",
    "production":"no",
    "encryptAtRest":"yes",
    "algorithms":[
      {
        "prereqVals":[
          {
            "algorithm":"SHA",
            "valValue":"same"
          },
          {
            "algorithm":"HMAC",
            "valValue":"same"
          },
          {
            "algorithm":"DRBG",
            "valValue":"same"
          }
        ],
        "algorithm":"KAS-KDF",
        "mode":"TwoStep",
        "revision":"Sp800-56Cr1",
        "capabilities":[
          {
            "macSaltMethods":[
              "default",
              "random"
            ],
            "fixedInfoPattern":"uPartyInfo||vPartyInfo||literal[0123456789abcdef]",
            "encoding":[
              "concatenation"
            ],
            "kdfMode":"counter",
            "macMode":[
              "HMAC-SHA-1",
              "HMAC-SHA2-224",
              "HMAC-SHA2-256",
              "HMAC-SHA2-384",
              "HMAC-SHA2-512"
            ],
            "supportedLengths":[
              {
                "min":8,
                "max":4096,
                "increment":8
              }
            ],
            "fixedDataOrder":[
              "before fixed data"
            ],
            "counterLength":[
              32
            ],
            "supportsEmptyIv":false,
            "requiresEmptyIv":false
          },
          {
            "macSaltMethods":[
              "default"
            ],
            "fixedInfoPattern":"uPartyInfo||vPartyInfo||literal[fedcba9876543210]||context||algorithmId",
            "encoding":[
              "concatenation"
            ],
            "kdfMode":"feedback",
            "macMode":[
              "HMAC-SHA-1",
              "HMAC-SHA2-224",
              "HMAC-SHA2-256",
              "HMAC-SHA2-384",
              "HMAC-SHA2-512"
            ],
            "supportedLengths":[
              {
                "min":8,
                "max":4096,
                "increment":8
              }
            ],
            "fixedDataOrder":[
              "before fixed data"
            ],
            "counterLength":[
              32
            ],
            "supportsEmptyIv":false,
            "requiresEmptyIv":false
          }
        ],
        "l":1024,
        "z":[
          {
            "min":256,
            "max":512,
            "increment":128
          }
        ]
      }
    ]
  }
]
