[
  {
    "acvVersion":"1.0"
  },
  {
    "name":"atsec corp.",
    "website":"www.atsec.com",
    "addresses":[
      {
        "street1":"9130 Jollyville Rd",
        "locality":"Austin",
        "region":"TX",
        "country":"USA",
        "postalCode":"78759"
      }
    ]
  }
]
[
  {
    "acvVersion":"1.0"
  },
  {
    "fullName":"Stephan MÃ¼ller",
    "vendorUrl":"/acvp/v1/vendors/10646",
    "emails":[
      "smueller@atsec.com"
    ],
    "phoneNumbers":[
      {
        "number":"+1-512-615-7300",
        "type":"voice"
      }
    ]
  }
]
[
  {
    "acvVersion":"1.0"
  },
  {
    "type":"software",
    "name":"Fedora 29",
    "cpe":null,
    "swid":"org.fedoraproject.Fedora-29",
    "description":"Linux distribution developed by the community-supported Fedora Project and sponsored by Red Hat, Inc."
  }
]
[
  {
    "acvVersion":"1.0"
  },
  {
    "type":"processor",
    "manufacturer":"Intel",
    "family":"X86",
    "name":"i7",
    "series":"Broadwell",
    "description":"Processor i7 (processor family X86) from Intel"
  }
]
[
  {
    "acvVersion":"1.0"
  },
  {
    "name":"Fedora 29 on Intel Broadwell i7",
    "dependencyUrls":[
      "/acvp/v1/dependencies/20095",
      "/acvp/v1/dependencies/20094"
    ]
  }
]
[
  {
    "acvVersion":"1.0"
  },
  {
    "name":"Crypto for ACVPProxy (Generic C)",
    "version":"0.5",
    "type":"Software",
    "vendorUrl":"/acvp/v1/vendors/10646",
    "addressUrl":"/acvp/v1/vendors/10646/addresses/10588",
    "contactUrls":[
      "/acvp/v1/persons/14125"
    ],
    "description":"The ACVPProxy access the NIST ACVP server to obtain test vectors and return test responses. The following cipher implementation is covered: Generic C implementation of SHA and HMAC."
  }
]
[
  {
    "acvVersion":"1.0"
  },
  {
    "moduleUrl":"/acvp/v1/modules/10586",
    "oeUrl":"/acvp/v1/oes/19621"
  }
]
